
> website@0.1.0 build
> next build

Ôû▓ Next.js 16.1.6 (Turbopack)
- Environments: .env

  Creating an optimized production build ...
Ô£ô Compiled successfully in 7.2s
  Running TypeScript ...
  Collecting page data using 11 workers ...
  Generating static pages using 11 workers (0/6) ...
node.exe : Error occurred prerendering page "/about". Read more: 
https://nextjs.org/docs/messages/prerender-error
In riga:1 car:1
+ & "C:\Program Files\nodejs/node.exe" "C:\Program 
Files\nodejs/node_mo ...
+ ~~~~~~~~~~~~~~~~~~~~~~~~~~~~~~~~~~~~~~~~~~~~~~~~~~~~~~~~~~~~~~~~~~
~~~
    + CategoryInfo          : NotSpecified: (Error occurred .    
..prerender-error:String) [], RemoteException
    + FullyQualifiedErrorId : NativeCommandError
 
TypeError: Cannot destructure property 'auth' of 'a' as it is 
undefined.
    at ignore-listed frames {
  digest: '41599244'
}
Export encountered an error on /(pages)/about/page: /about, exiting 
the build.
Ô¿» Next.js build worker exited with code: 1 and signal: null
